// Jest Snapshot v1, https://goo.gl/fbAQLP

exports[`<ViewHoldings /> should match snapshot 1`] = `[Function]`;
